
> triple-a-interiors@0.2.0 build
> next build

   ▲ Next.js 15.5.12
   - Environments: .env.local, .env.production

   Creating an optimized production build ...
 ✓ Compiled successfully in 2.5s
   Linting and checking validity of types ...
   Collecting page data ...
   Generating static pages (0/9) ...
   Generating static pages (2/9) 
   Generating static pages (4/9) 
   Generating static pages (6/9) 
 ✓ Generating static pages (9/9)
   Finalizing page optimization ...
   Collecting build traces ...

Route (app)                                 Size  First Load JS
┌ ○ /                                    11.7 kB         147 kB
├ ○ /_not-found                             1 kB         103 kB
├ ○ /about                                 522 B         131 kB
├ ƒ /api/send-email                        139 B         102 kB
├ ƒ /blog/[slug]                           893 B         114 kB
├ ○ /contact                             6.29 kB         171 kB
├ ○ /projects                            1.07 kB         136 kB
├ ƒ /projects/[id]                        8.1 kB         138 kB
├ ○ /services                            7.26 kB         130 kB
└ ○ /sitemap.xml                           139 B         102 kB
+ First Load JS shared by all             102 kB
  ├ chunks/255-091853b4155593e2.js       45.8 kB
  ├ chunks/4bd1b696-409494caf8c83275.js  54.2 kB
  └ other shared chunks (total)          1.95 kB


○  (Static)   prerendered as static content
ƒ  (Dynamic)  server-rendered on demand

